// Jest Snapshot v1, https://goo.gl/fbAQLP

exports[`renders correctly 1`] = `
<DocumentFragment>
  <div
    class="add-property"
  >
    <form>
      <div
        class="add-property-field"
      >
        <label
          for="title"
        >
          Title
          <input
            id="title"
            name="title"
            placeholder="Property tagline"
            type="text"
            value=""
          />
        </label>
      </div>
      <div
        class="add-property-field"
      >
        <label
          for="city"
        >
          City
          <select
            id="city"
            name="city"
          >
            <option
              value="Manchester"
            >
              Manchester
            </option>
            <option
              value="Leeds"
            >
              Leeds
            </option>
            <option
              value="Sheffield"
            >
              Sheffield
            </option>
            <option
              value="Liverpool"
            >
              Liverpool
            </option>
          </select>
        </label>
      </div>
      <div
        class="add-property-field"
      >
        <label
          for="type"
        >
          Type
          <select
            id="type"
            name="type"
          >
            <option
              value="Flat"
            >
              Flat
            </option>
            <option
              value="Detached"
            >
              Detached
            </option>
            <option
              value="Semi-Detatched"
            >
              Semi-Detatched
            </option>
            <option
              value="Terraced"
            >
              Terraced
            </option>
            <option
              value="End of Terrace"
            >
              End of Terrace
            </option>
            <option
              value="Cottage"
            >
              Cottage
            </option>
            <option
              value="Bungalow"
            >
              Bungalow
            </option>
          </select>
        </label>
      </div>
      <div
        class="add-property-field"
      >
        <label
          for="price"
        >
          Price
          <input
            id="price"
            name="price"
            type="number"
            value="0"
          />
        </label>
      </div>
      <div
        class="add-property-field"
      >
        <label
          for="bedrooms"
        >
          Bedrooms
          <input
            id="bedrooms"
            name="bedrooms"
            type="number"
            value="0"
          />
        </label>
      </div>
      <div
        class="add-property-field"
      >
        <label
          for="bathrooms"
        >
          Bathrooms
          <input
            id="bathrooms"
            name="bathrooms"
            type="number"
            value="0"
          />
        </label>
      </div>
      <div
        class="add-property-field"
      >
        <label
          for="email"
        >
          Email
          <input
            id="email"
            name="email"
            placeholder="Contact email"
            type="email"
            value=""
          />
        </label>
      </div>
      <button
        type="submit"
      >
        Add
      </button>
    </form>
  </div>
</DocumentFragment>
`;
