// Jest Snapshot v1, https://goo.gl/fbAQLP

exports[`renders correctly 1`] = `
<DocumentFragment>
  <div
    class="App"
  >
    <div
      class="navbar"
    >
      <img
        alt="logo"
        class="navbar-logo"
        src="https://mcrcodes.s3.eu-west-2.amazonaws.com/course/surreal-estate/logo.png"
      />
      <ul
        class="navbar-links"
      >
        <li
          class="navbar-links-item"
        >
          <a
            href="/"
          >
            View Properties
          </a>
        </li>
        <li
          class="navbar-links-item"
        >
          <a
            href="/add-property"
          >
            Add Property
          </a>
        </li>
      </ul>
    </div>
    <div
      class="Properties"
    >
      <div
        class="SideBar"
      >
        <div>
          <h3>
            Filter By
          </h3>
          <a
            href="/?query={\\"city\\":\\"Manchester\\"}"
          >
            Manchester
          </a>
          <a
            href="/?query={\\"city\\":\\"Leeds\\"}"
          >
            Leeds
          </a>
          <a
            href="/?query={\\"city\\":\\"Sheffield\\"}"
          >
            Sheffield
          </a>
          <a
            href="/?query={\\"city\\":\\"Liverpool\\"}"
          >
            Liverpool
          </a>
        </div>
        <div>
          <h3>
            Sort By
          </h3>
          <a
            href="/?sort={\\"price\\":1}"
          >
            Ascending
          </a>
          <a
            href="/?sort={\\"price\\":-1}"
          >
            Descending
          </a>
        </div>
      </div>
    </div>
  </div>
</DocumentFragment>
`;
