// Jest Snapshot v1, https://goo.gl/fbAQLP

exports[`renders correctly 1`] = `
<DocumentFragment>
  <div
    class="navbar"
  >
    <img
      alt="logo"
      class="navbar-logo"
      src="https://mcrcodes.s3.eu-west-2.amazonaws.com/course/surreal-estate/logo.png"
    />
    <ul
      class="navbar-links"
    >
      <li
        class="navbar-links-item"
      >
        <a
          href="/"
        >
          View Properties
        </a>
      </li>
      <li
        class="navbar-links-item"
      >
        <a
          href="/saved-properties"
        >
          Saved Properties
        </a>
      </li>
      <li
        class="navbar-links-item"
      >
        <a
          href="/add-property"
        >
          Add Property
        </a>
      </li>
      <div>
        Facebook login
      </div>
    </ul>
  </div>
</DocumentFragment>
`;
